
> saas-enterprise@0.1.0 build
> next build

Ôû▓ Next.js 16.1.6 (Turbopack)

ÔÜá The "middleware" file convention is deprecated. Please use "proxy" instead. Learn more: https://nextjs.org/docs/messages/middleware-to-proxy
  Creating an optimized production build ...
Ô£ô Compiled successfully in 2.9s
  Running TypeScript ...
Failed to compile.

./src/lib/repositories/base.ts:21:13
Type error: Property 'orgId' does not exist on type 'Promise<SessionAuthWithRedirect>'.

  19 |     callback: (tx: any) => Promise<T>
  20 | ): Promise<T> {
> 21 |     const { orgId } = auth();
     |             ^
  22 |
  23 |     if (!orgId) {
  24 |         throw new Error("No Organization Context Found");
Next.js build worker exited with code: 1 and signal: null
